Hitachi Optimizing Linkage Editor (Ver. 7.1.03.000)13-Mar-2021 01:27:59

*** Options ***

-subcommand=C:\Users\Alec\AppData\Local\Temp\hmk1E07.tmp
noprelink
sdebug
rom D=R
nomessage
list "C:\Users\Alec\Documents\CASIO\fx-9860G SDK\CASIOSpoof\Debug\FXADDINror.map"
show symbol
nooptimize
start P_TOP,P,C,D,C$VTBL,C$INIT/0300200,B_BR_Size,B,R/08100000
fsymbol P
nologo
input "C:\Users\Alec\Documents\CASIO\fx-9860G SDK\CASIOSpoof\Debug\spoof.obj"
input "D:\casio sdk\OS\FX\lib\setup.obj"
library "D:\casio sdk\OS\FX\lib\fx9860G_library.lib"
output "C:\Users\Alec\Documents\CASIO\fx-9860G SDK\CASIOSpoof\Debug\FXADDINror.abs"
-nomessage=1100
end

*** Error information ***

*** Mapping List ***

SECTION                            START      END         SIZE   ALIGN

P_TOP
                                  00300200  0030020b         c   4
P
                                  0030020c  00300ba3       998   4
C
                                  00300ba4  00300d4b       1a8   4
D
                                  00300d4c  00300d4f         4   4
B_BR_Size
                                  08100000  08100003         4   4
B
                                  08100004  08100007         4   4
R
                                  08100008  0810000b         4   4

*** Symbol List ***

SECTION=
FILE=                               START        END    SIZE
  SYMBOL                            ADDR        SIZE    INFO      COUNTS  OPT

SECTION=P_TOP
FILE=C:\Users\Alec\Documents\CASIO\fx-9860G SDK\CASIOSpoof\Debug\spoof.obj
                                  00300200  0030020b         c
  _InitializeSystem
                                  00300200         c   func ,g         * 

SECTION=P
FILE=C:\Users\Alec\Documents\CASIO\fx-9860G SDK\CASIOSpoof\Debug\spoof.obj
                                  0030020c  003004bf       2b4
  _AddIn_main
                                  0030020c        16   func ,g         * 
  _menu
                                  00300222        7a   func ,g         * 
  _plotMenuPage
                                  0030029c        80   func ,g         * 
  _confirmWindow
                                  0030031c        94   func ,g         * 
  _loadingBar
                                  003003b0        70   func ,g         * 
  _resetWindow
                                  00300420        a0   func ,g         * 
FILE=D:\casio sdk\OS\FX\lib\setup.obj
                                  003004c0  003005db       11c
  ___LINK_PROTECT
                                  003004c0         4   func ,g         * 
  _SetQuitHandler
                                  003004c4         6   func ,g         * 
  _OnAppCloseDefault
                                  003004ca        54   func ,g         * 
  __INITSCT_ADDIN
                                  0030051e        48   func ,g         * 
  _INIT_ADDIN_APPLICATION
                                  00300566        76   func ,g         * 
FILE=__q_fmvn
                                  003005dc  0030067f        a4
  __quick_evn_mvn
                                  003005dc         0   none ,g         * 
  __quick_odd_mvn
                                  003005e8         0   none ,g         * 
  A_FMVN_TBL
                                  003005f4         0   none ,l         * 
  FMVN_64
                                  003005fa         0   none ,l         * 
  FMVN_60
                                  003005fe         0   none ,l         * 
  FMVN_56
                                  00300602         0   none ,l         * 
  FMVN_52
                                  00300606         0   none ,l         * 
  FMVN_48
                                  0030060a         0   none ,l         * 
  FMVN_44
                                  0030060e         0   none ,l         * 
  FMVN_40
                                  00300612         0   none ,l         * 
  FMVN_36
                                  00300616         0   none ,l         * 
  FMVN_32
                                  0030061a         0   none ,l         * 
  FMVN_28
                                  0030061e         0   none ,l         * 
  FMVN_24
                                  00300622         0   none ,l         * 
  FMVN_20
                                  00300626         0   none ,l         * 
  FMVN_16
                                  0030062a         0   none ,l         * 
  FMVN_12
                                  0030062e         0   none ,l         * 
  FMVN_8
                                  00300632         0   none ,l         * 
  FMVN_4
                                  00300636         0   none ,l         * 
  FMVN_0
                                  00300638         0   none ,l         * 
  FMVN_TBL
                                  0030063c         0   none ,l         * 
FILE=_Bdel_cychdr
                                  00300680  0030068f        10
  _Bdel_cychdr
                                  00300680         0   none ,g         * 
FILE=_Bdisp_AllClr_DDVRAM
                                  00300690  0030069f        10
  _Bdisp_AllClr_DDVRAM
                                  00300690         0   none ,g         * 
FILE=_Bdisp_PutDisp_DD
                                  003006a0  003006af        10
  _Bdisp_PutDisp_DD
                                  003006a0         0   none ,g         * 
FILE=_BfileFLS_CloseFile
                                  003006b0  003006bf        10
  _BfileFLS_CloseFile
                                  003006b0         0   none ,g         * 
FILE=_Bkey_Set_RepeatTime_Default
                                  003006c0  003006cf        10
  _Bkey_Set_RepeatTime_Default
                                  003006c0         0   none ,g         * 
FILE=_CallbackAtQuitMainFunction
                                  003006d0  003006df        10
  _CallbackAtQuitMainFunction
                                  003006d0         0   none ,g         * 
FILE=_flsFindClose
                                  003006e0  003006ef        10
  _flsFindClose
                                  003006e0         0   none ,g         * 
FILE=_getkey
                                  003006f0  003006ff        10
  _GetKey
                                  003006f0         0   none ,g         * 
FILE=_GLibAddinAplExecutionCheck
                                  00300700  0030070f        10
  _GLibAddinAplExecutionCheck
                                  00300700         0   none ,g         * 
FILE=_Hmem_SetMMU
                                  00300710  0030071f        10
  _Hmem_SetMMU
                                  00300710         0   none ,g         * 
FILE=_PopUpWin
                                  00300720  0030072f        10
  _PopUpWin
                                  00300720         0   none ,g         * 
FILE=_Print
                                  00300730  0030073f        10
  _Print
                                  00300730         0   none ,g         * 
FILE=dispbios
                                  00300740  003008b5       176
  _PrintMini
                                  00300740        1c   func ,g         * 
  _locate
                                  0030075c        28   func ,g         * 
  _Bdisp_ReadArea_DD
                                  00300784       132   func ,g         * 
FILE=timer
                                  003008b8  003009b7       100
  _GetSDKLibraryVersion
                                  003008b8         6   func ,g         * 
  _SetTimer
                                  003008be        54   func ,g         * 
  _KillTimer
                                  00300912        44   func ,g         * 
  _Sleep
                                  00300956        62   func ,g         * 
FILE=__divls
                                  003009b8  00300a6b        b4
  __divls
                                  003009b8         0   none ,g         * 
  divls_zero
                                  00300a56         0   none ,l         * 
  A_errno
                                  00300a64         0   none ,l         * 
  n_zerono
                                  00300a68         0   none ,l         * 
FILE=__modls
                                  00300a6c  00300b33        c8
  __modls
                                  00300a6c         0   none ,g         * 
  modls_L
                                  00300b12         0   none ,l         * 
  modls_zero
                                  00300b1e         0   none ,l         * 
  A_errno
                                  00300b2c         0   none ,l         * 
  n_zerono
                                  00300b30         0   none ,l         * 
FILE=_Bcre_cychdr
                                  00300b34  00300b43        10
  _Bcre_cychdr
                                  00300b34         0   none ,g         * 
FILE=_BSrl_DummyWAIT
                                  00300b44  00300b53        10
  _BSrl_DummyWAIT
                                  00300b44         0   none ,g         * 
FILE=_Bsta_cychdr
                                  00300b54  00300b63        10
  _Bsta_cychdr
                                  00300b54         0   none ,g         * 
FILE=_Bstp_cychdr
                                  00300b64  00300b73        10
  _Bstp_cychdr
                                  00300b64         0   none ,g         * 
FILE=_DD_GET
                                  00300b74  00300b83        10
  _DD_GET
                                  00300b74         0   none ,g         * 
FILE=_locate
                                  00300b84  00300b93        10
  _locate_OS
                                  00300b84         0   none ,g         * 
FILE=_PrintMiniSd
                                  00300b94  00300ba3        10
  _PrintMiniSd
                                  00300b94         0   none ,g         * 

SECTION=C
FILE=addin_sct
                                  00300d38  00300d4b        14
  _B_BGN
                                  00300d38         0   none ,g         * 
  _B_END
                                  00300d3c         0   none ,g         * 
  _R_BGN
                                  00300d40         0   none ,g         * 
  _R_END
                                  00300d44         0   none ,g         * 
  _D_ROM
                                  00300d48         0   none ,g         * 

SECTION=B_BR_Size
FILE=C:\Users\Alec\Documents\CASIO\fx-9860G SDK\CASIOSpoof\Debug\spoof.obj
                                  08100000  08100003         4
  _BR_Size
                                  08100000         4   data ,g         * 

SECTION=B
FILE=_errno
                                  08100004  08100007         4
  __errno
                                  08100004         4   data ,g         * 

SECTION=R
FILE=D:\casio sdk\OS\FX\lib\setup.obj
                                  08100008  0810000b         4
  _gb_OnAppClose
                                  08100008         4   data ,g         * 

Absolute value symbols
FILE=_Bdel_cychdr
  __JumpTableTOP
                                  80010070         0   none ,l         * 
FILE=_Bdisp_AllClr_DDVRAM
  __JumpTableTOP
                                  80010070         0   none ,l         * 
FILE=_Bdisp_PutDisp_DD
  __JumpTableTOP
                                  80010070         0   none ,l         * 
FILE=_BfileFLS_CloseFile
  __JumpTableTOP
                                  80010070         0   none ,l         * 
FILE=_Bkey_Set_RepeatTime_Default
  __JumpTableTOP
                                  80010070         0   none ,l         * 
FILE=_CallbackAtQuitMainFunction
  __JumpTableTOP
                                  80010070         0   none ,l         * 
FILE=_flsFindClose
  __JumpTableTOP
                                  80010070         0   none ,l         * 
FILE=_getkey
  __JumpTableTOP
                                  80010070         0   none ,l         * 
FILE=_GLibAddinAplExecutionCheck
  __JumpTableTOP
                                  80010070         0   none ,l         * 
FILE=_Hmem_SetMMU
  __JumpTableTOP
                                  80010070         0   none ,l         * 
FILE=_PopUpWin
  __JumpTableTOP
                                  80010070         0   none ,l         * 
FILE=_Print
  __JumpTableTOP
                                  80010070         0   none ,l         * 
FILE=__divls
  zerodiv
                                  0000044e         0   none ,l         * 
FILE=__modls
  zerodiv
                                  0000044e         0   none ,l         * 
FILE=_Bcre_cychdr
  __JumpTableTOP
                                  80010070         0   none ,l         * 
FILE=_BSrl_DummyWAIT
  __JumpTableTOP
                                  80010070         0   none ,l         * 
FILE=_Bsta_cychdr
  __JumpTableTOP
                                  80010070         0   none ,l         * 
FILE=_Bstp_cychdr
  __JumpTableTOP
                                  80010070         0   none ,l         * 
FILE=_DD_GET
  __JumpTableTOP
                                  80010070         0   none ,l         * 
FILE=_locate
  __JumpTableTOP
                                  80010070         0   none ,l         * 
FILE=_PrintMiniSd
  __JumpTableTOP
                                  80010070         0   none ,l         * 

*** Delete Symbols ***

SYMBOL                                SIZE    INFO

*** Variable Accessible with Abs8 ***

SYMBOL                                SIZE    COUNTS  OPTIMIZE

*** Variable Accessible with Abs16 ***

SYMBOL                                SIZE    COUNTS  OPTIMIZE

*** Function Call ***

SYMBOL                              COUNTS  OPTIMIZE
